============================= test session starts =============================
platform win32 -- Python 3.13.7, pytest-9.0.2, pluggy-1.6.0 -- C:\Users\H13P\AppData\Local\Programs\Python\Python313\python.exe
cachedir: .pytest_cache
rootdir: C:\Users\H13P\Downloads\project_v7_review_with_added_tests
configfile: pytest.ini
testpaths: tests
plugins: anyio-4.13.0, cov-7.1.0
collecting ... collected 31 items

tests/test_logic_additional.py::test_walkforward_purges_t1_overlap_and_embargoes_first_h_days PASSED [  3%]
tests/test_logic_additional.py::test_cross_sectional_rank_ranks_stock_features_but_keeps_macro_raw PASSED [  6%]
tests/test_logic_additional.py::test_benchmark_first_day_is_open_to_close_then_close_to_close PASSED [  9%]
tests/test_logic_additional.py::test_backtest_turnover_cost_charged_only_on_entry_day PASSED [ 12%]
tests/test_project.py::test_config_loads PASSED                          [ 16%]
tests/test_project.py::test_config_validation_bad_dates PASSED           [ 19%]
tests/test_project.py::test_config_validation_bad_ranges PASSED          [ 22%]
tests/test_project.py::test_feature_registry_excludes_non_features PASSED [ 25%]
tests/test_project.py::test_split_feature_cols PASSED                    [ 29%]
tests/test_project.py::test_no_rank_features_in_price PASSED             [ 32%]
tests/test_project.py::test_no_rank_features_in_volatility PASSED        [ 35%]
tests/test_project.py::test_position_in_range_not_close_to_high PASSED   [ 38%]
tests/test_project.py::test_downside_vol_uses_where_not_clip PASSED      [ 41%]
tests/test_project.py::test_cross_sectional_rank_skips_macro PASSED      [ 45%]
tests/test_project.py::test_triple_barrier_basic PASSED                  [ 48%]
tests/test_project.py::test_embargo_mask PASSED                          [ 51%]
tests/test_project.py::test_xgb_uses_date_block_validation PASSED        [ 54%]
tests/test_project.py::test_xgb_val_split_by_date_block PASSED           [ 58%]
tests/test_project.py::test_global_auc_guarded PASSED                    [ 61%]
tests/test_project.py::test_backtest_guards_multi_model PASSED           [ 64%]
tests/test_project.py::test_backtest_signal_date_not_average PASSED      [ 67%]
tests/test_project.py::test_backtest_trade_at_t_plus_1 PASSED            [ 70%]
tests/test_project.py::test_compute_metrics PASSED                       [ 74%]
tests/test_project.py::test_qc_checks_ohlcv_columns PASSED               [ 77%]
tests/test_project.py::test_hmm_predict_proba_default PASSED             [ 80%]
tests/test_project.py::test_readme_regime_description_accurate PASSED    [ 83%]
tests/test_project.py::test_regime_features_module_exists PASSED         [ 87%]
tests/test_project.py::test_project_structure PASSED                     [ 90%]
tests/test_project.py::test_cost_model_documented_as_approximation PASSED [ 93%]
tests/test_project.py::test_mini_pipeline_end_to_end PASSED              [ 96%]
tests/test_project.py::test_walk_forward_handles_nan_labels PASSED       [100%]

============================== warnings summary ===============================
tests/test_logic_additional.py::test_benchmark_first_day_is_open_to_close_then_close_to_close
  C:\Users\H13P\Downloads\project_v7_review_with_added_tests\src\backtest\engine.py:366: FutureWarning: ChainedAssignmentError: behaviour will change in pandas 3.0!
  You are setting values through chained assignment. Currently this works in certain cases, but when using Copy-on-Write (which will become the default behaviour in pandas 3.0) this will never work to update the original DataFrame or Series, because the intermediate object on which we are setting values will behave as a copy.
  A typical example is when you are setting values in a column of a DataFrame, like:
  
  df["col"][row_indexer] = value
  
  Use `df.loc[row_indexer, "col"] = values` instead, to perform the assignment in a single step and ensure this keeps updating the original `df`.
  
  See the caveats in the documentation: https://pandas.pydata.org/pandas-docs/stable/user_guide/indexing.html#returning-a-view-versus-a-copy
  
    benchmark["daily_ret"].iloc[0] = benchmark["equity"].iloc[0] / initial_capital - 1.0

-- Docs: https://docs.pytest.org/en/stable/how-to/capture-warnings.html
=============================== tests coverage ================================
_______________ coverage: platform win32, python 3.13.7-final-0 _______________

Name                              Stmts   Miss  Cover   Missing
---------------------------------------------------------------
src\__init__.py                       0      0   100%
src\backtest\__init__.py              2      0   100%
src\backtest\engine.py              196     47    76%   132-133, 158, 161, 191, 201, 227-239, 316, 333, 339, 351, 379, 427-445, 463-497, 513
src\config.py                       114     15    87%   168, 195, 198, 203, 207-208, 212, 214, 219, 221, 228, 233, 238, 243, 245
src\data\__init__.py                 12      6    50%   9-10, 14-15, 19-20
src\data\build_dataset.py            44     39    11%   27-85
src\data\clean.py                    72     42    42%   21-30, 54-92, 161-162
src\data\fetch_benchmark.py          39     39     0%   11-76
src\data\fetch_macro.py              60     60     0%   6-95
src\data\pipeline.py                 33     33     0%   6-92
src\data\tiingo_client.py           110    110     0%   13-196
src\features\__init__.py              6      0   100%
src\features\macro_features.py       38     31    18%   32-85
src\features\price.py               104      0   100%
src\features\regime_features.py      51     45    12%   28-102
src\features\relative.py             96     88     8%   32-35, 42-186
src\features\volatility.py           39      1    97%   51
src\labeling\__init__.py              2      0   100%
src\labeling\triple_barrier.py      101      9    91%   105-113, 163
src\models\__init__.py                2      0   100%
src\models\train.py                 260     55    79%   204, 216, 340, 421-422, 459, 504, 571-613, 628-661
src\regime\__init__.py                2      0   100%
src\regime\hmm.py                    72     51    29%   30-32, 58-75, 79-109, 116-126, 138-156
src\splits\__init__.py                2      0   100%
src\splits\walkforward.py            68     13    81%   80-81, 88, 98, 113-120, 128
src\utils\__init__.py                 2      0   100%
src\utils\io.py                      20     12    40%   16-18, 23-36
---------------------------------------------------------------
TOTAL                              1547    696    55%
======================== 31 passed, 1 warning in 7.33s ========================
